Creating a filter factory
Creating a scripted filter
Creating a scripted filter with range
