Creating a tuple...
Filling the tuple...
Rows written : 1000
