Creating a evaluator factory
Creating a scripted evaluator
