Creating a tuple...
Filling the tuple...
Rows written : 1000
Tuple written to file
Cleanup done
